// Jest Snapshot v1, https://goo.gl/fbAQLP

exports[`Pruebas en <AddCategory /> 1.- Debe de mostrarse correctamente  1`] = `
<Fragment>
  <form
    onSubmit={[Function]}
  >
    <p>
       
    </p>
    <input
      onChange={[Function]}
      type="text"
      value=" "
    />
  </form>
</Fragment>
`;
